01000000000100fe357dfbb2661d594da7720bf919bcb5597776c20720065c38748a7f69bc59e30b1a3a9ed564418083162c2f9f12910a799699faafe75494ba68b5813ae4a19a0000000001000000010002000000000000000000000000000000001111111111111111111111111111111500000000051d2e300002000000000000000000000000a0b86991c6218b36c1d19d4a2e9eb0ce3606eb4800020655534443000000000000000000000000000000000000000000000000000000005553444300000000000000000000000000000000000000000000000000000000
