0100000000010009b7c0612e950779ea6a5458800289925c02a32cca3670f497693df283b503177e757473f94adfa2d18745b9e3d01a04f6b97240459612bd8654e5f91fb3f3d5010000000100000001000100000000000000000000000000000000000000000000000000000000000000040000000005a657f60000000000000000000000000000000000000000000000004e46544272696467650100000004000000000000000000000000706abc4e45d419950511e474c7b9ed348a4a716c
