Mismatches found on  Ethereum Mainnet!
{
  Mantle: 'Expected null , found 0x00000000000000000000000024850c6f61c438823f01b7a3bf2b89b72174fa9d'
}
