{
  version: 1,
  guardianSetIndex: 0,
  signatures: [
    {
      guardianSetIndex: 0,
      signature: '6cd3cdd701bbd878eb403f6505b5b797544eb9c486dadf79f0c445e9b8fa5cd474de1683e3a80f7e22dbfacd53b0ddc7b040ff6f974aafe7a6571c9355b8129b00'
    }
  ],
  timestamp: 0,
  nonce: 2095245887,
  emitterChain: 1,
  emitterAddress: '0x95f83a27e90c622a98c037353f271fd8f5f57b4dc18ebf5ff75a934724bd0491',
  sequence: 11833801757748136510n,
  consistencyLevel: 32,
  payload: {
    module: 'TokenBridge',
    chain: 0,
    type: 'AttestMeta',
    tokenAddress: '0x000000000000000000000000c02aaa39b223fe8d0a0e5c4f27ead9083c756cc2',
    tokenChain: 2,
    decimals: 18,
    symbol: 'WETH',
    name: 'Wrapped ether'
  },
  digest: '0x4bb52b9a44ff6062ba5db1c47afc40c186f7485c8972b1c6261eb070ce0b1c6e'
}
