{
  "version": 1,
  "guardianSetIndex": 1,
  "signatures": [
    {
      "guardianSetIndex": 2,
      "signature": "0366c80e5ee7bed9a53f73a613072f5dedf4cbee2328ea3ab654c2ee74df1bfe0f5997aeec566ac4e5b07eea776275eb11ed74421afd18ce87501a2a4a36cbda00"
    },
    {
      "guardianSetIndex": 3,
      "signature": "385d03e9ac2739c73cbbc2a4065d3dbe103b0dd530a329b99752df31d95142ca398940a090efe7bae37f5bc5d741721b5b8fc050cedcc342904fdd4cbef6cbb200"
    },
    {
      "guardianSetIndex": 4,
      "signature": "d5ab927c8c6eb4ff77665bcfe782d761dce7d11b9d790df67f7a52ed212ca29c56f0fb7dd6fe9096f10be3339968beb60271c3956678e13711371da876908eab01"
    },
    {
      "guardianSetIndex": 5,
      "signature": "586c36c58e271b08888ed096b39ac3655e32d0b4e269b1323cf8318baf48d3ce3becaa972340b21dc5fc53287c1bf88f9cd45ed42a093a0d49d68efe824a7a9000"
    },
    {
      "guardianSetIndex": 6,
      "signature": "53b21ce041d5f9a5577b65ef0fead13ce1e16abc9244296ceca2bf5a43b592dd2d2bc10d717f8c636cb3e85b6a865cf328387c009df5f600fc7ea3ac4789569800"
    },
    {
      "guardianSetIndex": 7,
      "signature": "fd5c6ae5916a8002c701ce307455502aae48a8da551b919751099fb40b50f4045f22b06bcad15b9dd6a2828fc25fbcdfa6ea6b4e51a5ddeac11e1353b41bea7500"
    },
    {
      "guardianSetIndex": 8,
      "signature": "558751e5db02ded0953e2b6e869d9e578d667215afb9e233d11806cfc056b83604994fb1e4ef6fea787484ad023aa9e9066052cb1a70d1ad6a7c6a8465ec4e6201"
    },
    {
      "guardianSetIndex": 9,
      "signature": "bdd97efa546abbd82a8628d915af619ffd150123ba4f2cd96f9aac48c5817079474ecec60176af59b1a0bf6bce95ef973c0c5d1d2d6d2045477ff2e3031d088900"
    },
    {
      "guardianSetIndex": 11,
      "signature": "e146cbb720e243afb0d06ab1b9a732b4f09c6431beaa041c15bcac66883c8d487d294fe1c99b135cd0e6f4f964263cbee995580c5ac517708d50dba433822b5900"
    },
    {
      "guardianSetIndex": 12,
      "signature": "601a2106d69e668c9154de17edbf17eaf2a206f05d87100253c37b66f7cf58f744e42510979ddfb392964adf452a25f4c4fb86c9aadb2d02a8b54296aedb4fc801"
    },
    {
      "guardianSetIndex": 13,
      "signature": "ece66ba46b1ea485ebad2e79e6bd07fc7d4e4278edfeb79c4f5fc3eb741606ae113c0440eb40c82612390c05eddf569efab00438f19302c6c5a6769614f17c6500"
    },
    {
      "guardianSetIndex": 15,
      "signature": "b1e9f4348009f06dc34eed21fbb4f3108c4b1d9f6b6636556e95aade79979df20b6800c150dd19f0772ea393827d47f78051c1bca5e92d25834397089800012b00"
    },
    {
      "guardianSetIndex": 16,
      "signature": "f23cb11b21f103cf728b7e0d9ed4b7c1da5bbca7ca64f081bf5dc9fe1235df685c4d2265f61774b9e76f087ad115be62abbe9e3216837839c5cedab8ad0babf901"
    }
  ],
  "timestamp": 0,
  "nonce": 151632561,
  "emitterChain": 1,
  "emitterAddress": "0x0000000000000000000000000000000000000000000000000000000000000004",
  "sequence": "390788876583607092",
  "consistencyLevel": 32,
  "payload": {
    "module": "TokenBridge",
    "type": "ContractUpgrade",
    "chain": 7,
    "address": "0x00000000000000000000000007b5bf20487bf1703dba0222b739fa4fc921fdd1"
  },
  "digest": "0xf56a7a71e22bf768e99150e3231e201d9e7667ee28ebfb52c91260d8937b5574"
}
