{
  version: 1,
  guardianSetIndex: 1,
  signatures: [
    {
      guardianSetIndex: 0,
      signature: '78588270e30e3b4cf74572b6ad4270cdd7932079692170fddaf369c7574722b75defcecf5d372cdd8fdba0f275c6b902434259b5d7da8402e25ca852ca5affaa00'
    },
    {
      guardianSetIndex: 3,
      signature: 'a8888cf66158970861329efa69ff2461d847078cec22fd7f62606b17a1ae283127712fa50dc365faa1e6db339fefce57b13c74c2dce7d14b79051676c74bb68500'
    },
    {
      guardianSetIndex: 4,
      signature: '87272398eb59763bb1e2466f9ebdea4e75c290b6c0386f07c20e1296b1976cb814547378922dbc5490b7fcf7279eafc0c08bd59ca97c4dbbcbd478967e17aa2d00'
    },
    {
      guardianSetIndex: 6,
      signature: 'dd38ecb6233f1cd872a75cc0627ded36aa8f89095436f7dbe32e6655e27f217459fda35a3d7f1d656962160bfeee4e5fc6d2e1447559e7bc3ba760416317b86c01'
    },
    {
      guardianSetIndex: 7,
      signature: '92d27a749b398dc5f085e7bcd2e0f18d6262a1ba1916787ec01854c0ccde0a8247f8892e6dff83fad6839fc054f32734255e9037ff9adc33499514e2300ba43901'
    },
    {
      guardianSetIndex: 9,
      signature: '89f08688ae363783bfe3f25a5960a0791ce327bab7e7593393f91395e06fe50e3f7e13862ac86b9fd1f9720669bc4504e918f7e481c395f17a2fa131da05b9e701'
    },
    {
      guardianSetIndex: 10,
      signature: '097d187970710297d188a2ebaedff0ad13efd16872566bae8a56377e28466b2c3c4e47853c60fe716109e55f8b453fb03a34bb1929c96f74ebd796a476ec7ab600'
    },
    {
      guardianSetIndex: 11,
      signature: '68a19d198350b3caebd3c0159b8bbce022e0f026d013a1c83e40d6100c87e8bb0d692baca89cb77f4b6832dd7aaf3f2f7c482fd50be7221c046ae668228ec01300'
    },
    {
      guardianSetIndex: 12,
      signature: 'd6f464a174d7e34797e2869785feb5f05ab614be989d238c9bd55259dbdbab2568c14f316d1820ac766e513bf5225185f16d30f0f01a092af5fb6b072ad577f001'
    },
    {
      guardianSetIndex: 13,
      signature: '663f2f3ad62baa8ad541b9c38bb9df805d2cfa7072894526505b654293bacdee5e9e8c4ded7be92a3338b964482b3ce6d5275817d6a4b6a0663e1e84dcd1de3500'
    },
    {
      guardianSetIndex: 16,
      signature: '5f773ea1d7e74770e78c4779abe4594b6a46f9131304948265bc185dcb1cdba8114915e3b1d864f48e4c694c9578524e22752e2d898af4b8e67383d72a11856700'
    },
    {
      guardianSetIndex: 17,
      signature: '8bdbd5b5a820ecd215faf134b698402da04cc698e64464dd8df6692342e8c44314e1ae53bfde71fb2b00cd5691dae4f9b310c6150bdb551645a72863f4ff965c01'
    },
    {
      guardianSetIndex: 18,
      signature: '86c673c4f2213969d273b939318f93a5b50c665efa8c9e245a3b8823522dafec209b1be127e74a6d5c924831e339f8bffb769f7b0f5772ed16231700bf7eece200'
    }
  ],
  timestamp: 1648399073,
  nonce: 62485,
  emitterChain: 1,
  emitterAddress: '0xec7372995d5cc8732397fb0ad35c0121e0eaa90d26f828a534cab54391b3a4f5',
  sequence: 110277n,
  consistencyLevel: 32,
  payload: {
    module: 'TokenBridge',
    type: 'Transfer',
    amount: 4100000000n,
    tokenAddress: '0x069b8857feab8184fb687f634618c035dac439dc1aeb3b5598a0f00000000001',
    tokenChain: 1,
    toAddress: '0x000000000000000000000000efd4aa8f954ebdea82b8757c029fc8475a45e9cd',
    chain: 2,
    fee: 0n
  },
  digest: '0xc90519b2bdfacac401d2d2c15a329d4e33e8ca15862685f0220ddc6074d7def5'
}
